<area shape="rect" href="$d0/d72/classtx__oop__Tca__Field.html" title="tx_oop_Tca_Field" alt="" coords="5,259,139,285">
<area shape="rect" href="$d4/d6f/classtx__oop__Tca__Field__Check.html" title="tx_oop_Tca_Field_Check" alt="" coords="207,5,388,32">
<area shape="rect" href="$df/d94/classtx__oop__Tca__Field__Flex.html" title="tx_oop_Tca_Field_Flex" alt="" coords="213,56,381,83">
<area shape="rect" href="$d5/d5e/classtx__oop__Tca__Field__Group.html" title="tx_oop_Tca_Field_Group" alt="" coords="208,107,387,133">
<area shape="rect" href="$d9/de1/classtx__oop__Tca__Field__Inline.html" title="tx_oop_Tca_Field_Inline" alt="" coords="209,157,385,184">
<area shape="rect" href="$dc/d9e/classtx__oop__Tca__Field__Input.html" title="tx_oop_Tca_Field_Input" alt="" coords="211,208,384,235">
<area shape="rect" href="$d5/d5f/classtx__oop__Tca__Field__None.html" title="tx_oop_Tca_Field_None" alt="" coords="211,259,384,285">
<area shape="rect" href="$d8/ddd/classtx__oop__Tca__Field__Passthrough.html" title="tx_oop_Tca_Field_Passthrough" alt="" coords="187,309,408,336">
<area shape="rect" href="$dd/d2f/classtx__oop__Tca__Field__Radio.html" title="tx_oop_Tca_Field_Radio" alt="" coords="209,360,385,387">
<area shape="rect" href="$d0/d2c/classtx__oop__Tca__Field__Select.html" title="tx_oop_Tca_Field_Select" alt="" coords="207,411,388,437">
<area shape="rect" href="$de/d77/classtx__oop__Tca__Field__Text.html" title="tx_oop_Tca_Field_Text" alt="" coords="215,461,380,488">
<area shape="rect" href="$d9/d07/classtx__oop__Tca__Field__User.html" title="tx_oop_Tca_Field_User" alt="" coords="212,512,383,539">
