<area shape="rect" href="$de/d97/classtx__oop__Core__Exception__Base.html" title="tx_oop_Core_Exception_Base" alt="" coords="5,132,221,159">
<area shape="rect" href="$d1/da1/classtx__oop__Core__Singleton__Exception.html" title="tx_oop_Core_Singleton_Exception" alt="" coords="277,5,523,32">
<area shape="rect" href="$db/d8e/classtx__oop__Database__Layer__Exception.html" title="tx_oop_Database_Layer_Exception" alt="" coords="275,56,525,83">
<area shape="rect" href="$d3/dc3/classtx__oop__Flexform__Iterator__Exception.html" title="tx_oop_Flexform_Iterator_Exception" alt="" coords="269,107,531,133">
<area shape="rect" href="$d8/d7c/classtx__oop__Lang__Getter__Exception.html" title="tx_oop_Lang_Getter_Exception" alt="" coords="287,157,513,184">
<area shape="rect" href="$d6/d2c/classtx__oop__Tca__Table__Exception.html" title="tx_oop_Tca_Table_Exception" alt="" coords="296,208,504,235">
<area shape="rect" href="$d5/d40/classtx__oop__Template__File__Exception.html" title="tx_oop_Template_File_Exception" alt="" coords="283,259,517,285">
