<area shape="rect" href="$classtx__oop__Core__Singleton__Exception.html" title="{tx_oop_Core_Singleton_Exception\n|+ EXCEPTION_CLONE\l|}" alt="" coords="5,309,251,389">
<area shape="rect" href="$classtx__oop__Database__Layer__Exception.html" title="{tx_oop_Database_Layer_Exception\n|+ EXCEPTION_BAD_METHOD\l+ EXCEPTION_DBAL_INVALID_CONF\l+ EXCEPTION_NO_CONNECTION\l+ EXCEPTION_NO_PDO\l+ EXCEPTION_NO_PDO_DRIVER\l|}" alt="" coords="275,277,533,421">
<area shape="rect" href="$classtx__oop__Flexform__Builder__Exception.html" title="{tx_oop_Flexform_Builder_Exception\n|+ EXCEPTION_NO_SHEET\l+ EXCEPTION_SHEET_ALREADY_EXISTS\l|}" alt="" coords="557,301,840,397">
<area shape="rect" href="$classtx__oop__Flexform__Field__Input__Exception.html" title="{tx_oop_Flexform_Field_Input_Exception\n|+ EXCEPTION_INVALID_EVAL\l|}" alt="" coords="864,309,1147,389">
<area shape="rect" href="$classtx__oop__Flexform__Field__Section__Element__Exception.html" title="{tx_oop_Flexform_Field_Section_Element_Exception\n|+ EXCEPTION_FIELD_ALREADY_EXISTS\l+ EXCEPTION_INVALID_FIELD_TYPE\l+ EXCEPTION_NO_FIELD\l|}" alt="" coords="1171,293,1531,405">
<area shape="rect" href="$classtx__oop__Flexform__Field__Section__Exception.html" title="{tx_oop_Flexform_Field_Section_Exception\n|+ EXCEPTION_ELEMENT_ALREADY_EXISTS\l+ EXCEPTION_NO_ELEMENT\l|}" alt="" coords="1555,301,1856,397">
<area shape="rect" href="$classtx__oop__Flexform__Iterator__Exception.html" title="{tx_oop_Flexform_Iterator_Exception\n|+ EXCEPTION_BAD_XML\l|}" alt="" coords="1880,309,2141,389">
<area shape="rect" href="$classtx__oop__Flexform__Sheet__Exception.html" title="{tx_oop_Flexform_Sheet_Exception\n|+ EXCEPTION_FIELD_ALREADY_EXISTS\l+ EXCEPTION_INVALID_FIELD_TYPE\l+ EXCEPTION_NO_FIELD\l|}" alt="" coords="2165,293,2443,405">
<area shape="rect" href="$classtx__oop__Lang__Getter__Exception.html" title="{tx_oop_Lang_Getter_Exception\n|+ EXCEPTION_BAD_XML\l+ EXCEPTION_NO_LANG_FILE\l|}" alt="" coords="2467,301,2693,397">
<area shape="rect" href="$classtx__oop__Tca__Field__Input__Exception.html" title="{tx_oop_Tca_Field_Input_Exception\n|+ EXCEPTION_INVALID_EVAL\l|}" alt="" coords="2717,309,2963,389">
<area shape="rect" href="$classtx__oop__Tca__Table__Exception.html" title="{tx_oop_Tca_Table_Exception\n|+ EXCEPTION_FIELD_ALREADY_EXISTS\l+ EXCEPTION_INVALID_FIELD_TYPE\l+ EXCEPTION_NO_FIELD\l+ EXCEPTION_RESERVED_FIELD_NAME\l|}" alt="" coords="2987,285,3264,413">
<area shape="rect" href="$classtx__oop__Template__File__Exception.html" title="{tx_oop_Template_File_Exception\n|+ EXCEPTION_BAD_METHOD\l+ EXCEPTION_DIRECTORY_NOT_WRITEABLE\l+ EXCEPTION_NO_DIRECTORY\l+ EXCEPTION_NO_SMARTY_CLASS\l+ EXCEPTION_NO_SMARTY_CLASS_FILE\l|}" alt="" coords="3288,277,3600,421">
