<area shape="rect" href="$classtx__oop__Module__Base.html#0ab0b06f2bb31543d178699218e5b0e7" title="Includes the jQuery JS framework." alt="" coords="300,5,569,32">
<area shape="rect" href="$classtx__oop__Module__Base.html#9c7068b199fa4d5c2c46e0a0bc35c48f" title="Includes a jQuery plugin." alt="" coords="279,56,591,83">
<area shape="rect" href="$classtx__oop__Module__Base.html#25f36c3154c24fadeb5ecb1abc0f1550" title="Includes the jQuery UI JS framework." alt="" coords="293,107,576,133">
<area shape="rect" href="$classtx__oop__Module__Base.html#b73d28712eb3b3d8e9bf1279471b9afb" title="Includes the Mootools JS framework." alt="" coords="292,157,577,184">
<area shape="rect" href="$classtx__oop__Module__Base.html#5041bd6aaa6f934dc7cf89e2ff9b134b" title="Includes the Prototype JS framework." alt="" coords="291,208,579,235">
<area shape="rect" href="$classtx__oop__Module__Base.html#7814cd2cc48648dd4d5a190ed3b2a220" title="Includes the Scriptaculous JS framework." alt="" coords="652,233,967,260">
<area shape="rect" href="$classtx__oop__Module__Base.html#e6bc868ade65c79962a8cf7148001ca8" title="Includes a Webtoolkit script." alt="" coords="267,309,603,336">
