<area shape="rect" href="$classtx__oop__Module__Base.html#ec815185e16c4d5d278018b1a646414a" title="tx_oop_Module_Base::_setStaticVars" alt="" coords="327,81,591,108">
<area shape="rect" href="$classtx__oop__Session__Data__Backend.html#950e84862f79e0ac4fcbdfa800d9bfda" title="tx_oop_Session_Data_Backend::getInstance" alt="" coords="303,157,615,184">
<area shape="rect" href="$classtx__oop__Lang__Getter.html#c9f76717cf42b0b8098a5d14416d84d8" title="tx_oop_Lang_Getter::getInstance" alt="" coords="337,208,580,235">
<area shape="rect" href="$classtx__oop__Typo3__Core__Engine.html#803c0fa13689613d0b101adc132d57f6" title="Gets the unique class instance." alt="" coords="673,5,964,32">
<area shape="rect" href="$classtx__oop__String__Utils.html#1c121bf3f5871882ecd961b6dc1e236c" title="tx_oop_String_Utils::getInstance" alt="" coords="700,56,937,83">
<area shape="rect" href="$classtx__oop__Database__Layer.html#152af239d793c736235ce2dded8f8591" title="Gets the unique class instance." alt="" coords="685,107,952,133">
<area shape="rect" href="$classtx__oop__Session__Data__Base.html#4231869f4ca376d40ab648d16ebafb73" title="tx_oop_Session_Data_Base::_getInstance" alt="" coords="672,157,965,184">
<area shape="rect" href="$classtx__oop__Lang__Getter.html#ce27e4e816efb32a130a8472fb500609" title="tx_oop_Lang_Getter::_setCurrentLanguage" alt="" coords="665,208,972,235">
