<area shape="rect" href="$classtx__oop__Tca__Field__Check.html" title="{tx_oop_Tca_Field_Check\n|# $_fieldType\l# $_itemsNum\l|+ addItem()\l}" alt="" coords="5,333,187,429">
<area shape="rect" href="$classtx__oop__Tca__Field__Flex.html" title="{tx_oop_Tca_Field_Flex\n|# $_fieldType\l|}" alt="" coords="211,341,379,421">
<area shape="rect" href="$classtx__oop__Tca__Field__Group.html" title="{tx_oop_Tca_Field_Group\n|# $_fieldType\l|+ setAsDb()\l+ setAsFile()\l+ setAsFolder()\l}" alt="" coords="403,325,581,437">
<area shape="rect" href="$classtx__oop__Tca__Field__Inline.html" title="{tx_oop_Tca_Field_Inline\n|# $_fieldType\l|}" alt="" coords="605,341,781,421">
<area shape="rect" href="$classtx__oop__Tca__Field__Input.html" title="{tx_oop_Tca_Field_Input\n|# $_fieldType\l|+ addEval()\l+ setRange()\l}" alt="" coords="805,333,979,429">
<area shape="rect" href="$classtx__oop__Tca__Field__None.html" title="{tx_oop_Tca_Field_None\n|# $_fieldType\l|}" alt="" coords="1003,341,1176,421">
<area shape="rect" href="$classtx__oop__Tca__Field__Passthrough.html" title="{tx_oop_Tca_Field_Passthrough\n|# $_fieldType\l|}" alt="" coords="1200,341,1421,421">
<area shape="rect" href="$classtx__oop__Tca__Field__Radio.html" title="{tx_oop_Tca_Field_Radio\n|# $_fieldType\l|+ addItem()\l}" alt="" coords="1445,341,1621,421">
<area shape="rect" href="$classtx__oop__Tca__Field__Select.html" title="{tx_oop_Tca_Field_Select\n|# $_fieldType\l|+ addItem()\l}" alt="" coords="1645,341,1827,421">
<area shape="rect" href="$classtx__oop__Tca__Field__Text.html" title="{tx_oop_Tca_Field_Text\n|# $_fieldType\l|}" alt="" coords="1851,341,2016,421">
<area shape="rect" href="$classtx__oop__Tca__Field__User.html" title="{tx_oop_Tca_Field_User\n|# $_fieldType\l|}" alt="" coords="2040,341,2211,421">
