<area shape="rect" href="$classtx__oop__Color__Utils.html#a20c8a87b3b37eaf3a4058037c907f3d" title="Creates an hexadecimal color." alt="" coords="587,107,843,133">
<area shape="rect" href="$classtx__oop__Color__Converter.html#de8291ba5974a5217993efa6d8d5deab" title="Converts HSL color values into RGB." alt="" coords="285,56,536,83">
<area shape="rect" href="$classtx__oop__Color__Converter.html#9cc80b6ba14d64e8d31771ebd79afa71" title="Converts HSV color values into RGB." alt="" coords="284,157,537,184">
<area shape="rect" href="$classtx__oop__Color__Converter.html#c2f0cfa24b2a1d357f80f4818a9a54fb" title="Converts RGB color values into HSL." alt="" coords="287,208,535,235">
<area shape="rect" href="$classtx__oop__Color__Converter.html#1eac754150dcd7aaa83c9cb098df14fe" title="Converts RGB color values into HSV." alt="" coords="285,5,536,32">
<area shape="rect" href="$classtx__oop__Color__Utils.html#82d6baaa873626e092756821c37b75f7" title="Modifies an hexadecimal color." alt="" coords="891,107,1152,133">
<area shape="rect" href="$classtx__oop__Color__Converter.html#21fa771011b6ec6f91fae69732cd4880" title="Converts HSL color values into HSV." alt="" coords="591,56,839,83">
<area shape="rect" href="$classtx__oop__Color__Converter.html#cb4c0210856fbe7443567d61e0112114" title="Converts HSV color values into HSL." alt="" coords="591,157,839,184">
