<area shape="rect" href="$classtx__oop__Flexform__Field__Check.html" title="{tx_oop_Flexform_Field_Check\n|# $_fieldType\l# $_itemsNum\l|+ addItem()\l}" alt="" coords="161,333,380,429">
<area shape="rect" href="$classtx__oop__Flexform__Field__Group.html" title="{tx_oop_Flexform_Field_Group\n|# $_fieldType\l# $_uploadDirectory\l|+ setAsDb()\l+ setAsFile()\l+ setAsFolder()\l+ setUploadDirectory()\l}" alt="" coords="560,309,779,453">
<area shape="rect" href="$classtx__oop__Flexform__Field__Inline.html" title="{tx_oop_Flexform_Field_Inline\n|# $_fieldType\l|}" alt="" coords="960,341,1173,421">
<area shape="rect" href="$classtx__oop__Flexform__Field__Input.html" title="{tx_oop_Flexform_Field_Input\n|# $_fieldType\l|+ addEval()\l+ setRange()\l}" alt="" coords="1355,333,1565,429">
<area shape="rect" href="$classtx__oop__Flexform__Field__None.html" title="{tx_oop_Flexform_Field_None\n|# $_fieldType\l|}" alt="" coords="1747,341,1957,421">
<area shape="rect" href="$classtx__oop__Flexform__Field__Passthrough.html" title="{tx_oop_Flexform_Field_Passthrough\n|# $_fieldType\l|}" alt="" coords="2060,341,2319,421">
<area shape="rect" href="$classtx__oop__Flexform__Field__Radio.html" title="{tx_oop_Flexform_Field_Radio\n|# $_fieldType\l|+ addItem()\l}" alt="" coords="2364,341,2577,421">
<area shape="rect" href="$classtx__oop__Flexform__Field__Section.html" title="{tx_oop_Flexform_Field_Section\n|# $_elements\l# $_fieldType\l|+ addElement()\l+ addFieldXmlObject()\l+ getElement()\l}" alt="" coords="2644,317,2871,445">
<area shape="rect" href="$classtx__oop__Flexform__Field__Select.html" title="{tx_oop_Flexform_Field_Select\n|# $_fieldType\l|+ addItem()\l}" alt="" coords="2980,341,3199,421">
<area shape="rect" href="$classtx__oop__Flexform__Field__Text.html" title="{tx_oop_Flexform_Field_Text\n|# $_fieldType\l|}" alt="" coords="3395,341,3597,421">
<area shape="rect" href="$classtx__oop__Flexform__Field__User.html" title="{tx_oop_Flexform_Field_User\n|# $_fieldType\l|}" alt="" coords="3965,341,4173,421">
<area shape="rect" href="$classtx__oop__Flexform__Field__Section__Element__Field__Check.html" title="{tx_oop_Flexform_Field_Section_Element_Field_Check\n|# $_elementName\l# $_itemsNum\l# $_sectionName\l|+ __construct()\l+ addItem()\l}" alt="" coords="5,509,381,637">
<area shape="rect" href="$classtx__oop__Flexform__Field__Section__Element__Field__Group.html" title="{tx_oop_Flexform_Field_Section_Element_Field_Group\n|# $_elementName\l# $_sectionName\l|+ __construct()\l}" alt="" coords="405,525,779,621">
<area shape="rect" href="$classtx__oop__Flexform__Field__Section__Element__Field__Inline.html" title="{tx_oop_Flexform_Field_Section_Element_Field_Inline\n|# $_elementName\l# $_sectionName\l|+ __construct()\l}" alt="" coords="803,525,1173,621">
<area shape="rect" href="$classtx__oop__Flexform__Field__Section__Element__Field__Input.html" title="{tx_oop_Flexform_Field_Section_Element_Field_Input\n|# $_elementName\l# $_sectionName\l|+ __construct()\l}" alt="" coords="1197,525,1565,621">
<area shape="rect" href="$classtx__oop__Flexform__Field__Section__Element__Field__None.html" title="{tx_oop_Flexform_Field_Section_Element_Field_None\n|# $_elementName\l# $_sectionName\l|+ __construct()\l}" alt="" coords="1589,525,1957,621">
<area shape="rect" href="$classtx__oop__Flexform__Field__Section__Element__Field__Passthrough.html" title="{tx_oop_Flexform_Field_Section_Element_Field_Passthrough\n|# $_elementName\l# $_sectionName\l|+ __construct()\l}" alt="" coords="1981,525,2397,621">
<area shape="rect" href="$classtx__oop__Flexform__Field__Section__Element__Field__Radio.html" title="{tx_oop_Flexform_Field_Section_Element_Field_Radio\n|# $_elementName\l# $_sectionName\l|+ __construct()\l+ addItem()\l}" alt="" coords="2421,517,2792,629">
<area shape="rect" href="$classtx__oop__Flexform__Field__Section__Element.html" title="{tx_oop_Flexform_Field_Section_Element\n|# $_fields\l# $_sectionName\l|+ __construct()\l+ addElementXmlObject()\l+ addField()\l+ getField()\l}" alt="" coords="2816,501,3104,645">
<area shape="rect" href="$classtx__oop__Flexform__Field__Section__Element__Field__Select.html" title="{tx_oop_Flexform_Field_Section_Element_Field_Select\n|# $_elementName\l# $_sectionName\l|+ __construct()\l+ addItem()\l}" alt="" coords="3128,517,3501,629">
<area shape="rect" href="$classtx__oop__Flexform__Field__Section__Element__Field__Text.html" title="{tx_oop_Flexform_Field_Section_Element_Field_Text\n|# $_elementName\l# $_sectionName\l|+ __construct()\l}" alt="" coords="3525,525,3885,621">
<area shape="rect" href="$classtx__oop__Flexform__Field__Section__Element__Field__User.html" title="{tx_oop_Flexform_Field_Section_Element_Field_User\n|# $_elementName\l# $_sectionName\l|+ __construct()\l}" alt="" coords="3909,525,4275,621">
