<area shape="rect" href="$classtx__oop__Plugin__Base.html#633b886ab8ba9f608f3365f96a05f3c5" title="Includes the jQuery JS framework." alt="" coords="292,5,553,32">
<area shape="rect" href="$classtx__oop__Plugin__Base.html#943a2347dcb64eed3d5a6ab238596e45" title="Includes a jQuery plugin." alt="" coords="271,56,575,83">
<area shape="rect" href="$classtx__oop__Plugin__Base.html#f92491ec081e5919b6acf90c27b2ca49" title="Includes the jQuery UI JS framework." alt="" coords="284,107,561,133">
<area shape="rect" href="$classtx__oop__Plugin__Base.html#040e5fed600682c20ff1eae8c16e1f55" title="Includes the Mootools JS framework." alt="" coords="284,157,561,184">
<area shape="rect" href="$classtx__oop__Plugin__Base.html#dc39696a942a41a1f3ea9fe38ed41557" title="Includes the Prototype JS framework." alt="" coords="281,208,564,235">
<area shape="rect" href="$classtx__oop__Plugin__Base.html#b6fc5ee44591f47cde3f95a2d98a968f" title="Includes the Scriptaculous JS framework." alt="" coords="636,233,943,260">
<area shape="rect" href="$classtx__oop__Plugin__Base.html#969314a68887884e5520e7430561e702" title="Includes a Webtoolkit script." alt="" coords="259,309,587,336">
