<area shape="rect" href="$classtx__oop__Typo3__Core__Engine.html#cd253338575c9f17dda83d75bccfaaf4" title="tx_oop_Typo3_Core_Engine::copy" alt="" coords="403,5,645,32">
<area shape="rect" href="$classtx__oop__Typo3__Core__Engine.html#f0178dc55f084d8deea794e4d37d0d56" title="tx_oop_Typo3_Core_Engine::delete" alt="" coords="397,56,651,83">
<area shape="rect" href="$classtx__oop__Typo3__Core__Engine.html#9925b1e56f5bf67cf535ea9574dbf165" title="tx_oop_Typo3_Core_Engine::localize" alt="" coords="393,107,655,133">
<area shape="rect" href="$classtx__oop__Typo3__Core__Engine.html#9323956999a26b204e14be95b0a09479" title="tx_oop_Typo3_Core_Engine::move" alt="" coords="399,157,649,184">
<area shape="rect" href="$classtx__oop__Typo3__Core__Engine.html#8595c149c6726bfadd713cad31421fa2" title="tx_oop_Typo3_Core_Engine::unDelete" alt="" coords="388,208,660,235">
<area shape="rect" href="$classtx__oop__Typo3__Core__Engine.html#4f8c42651e973e07f158ae473a2cf660" title="tx_oop_Typo3_Core_Engine::version" alt="" coords="393,259,655,285">
