<area shape="rect" href="$classtx__oop__Color__Utils.html#a20c8a87b3b37eaf3a4058037c907f3d" title="Creates an hexadecimal color." alt="" coords="315,81,571,108">
<area shape="rect" href="$classtx__oop__Color__Converter.html#c2f0cfa24b2a1d357f80f4818a9a54fb" title="Converts RGB color values into HSL." alt="" coords="623,157,871,184">
<area shape="rect" href="$classtx__oop__Color__Converter.html#1eac754150dcd7aaa83c9cb098df14fe" title="Converts RGB color values into HSV." alt="" coords="317,208,568,235">
<area shape="rect" href="$classtx__oop__Color__Converter.html#de8291ba5974a5217993efa6d8d5deab" title="Converts HSL color values into RGB." alt="" coords="621,5,872,32">
<area shape="rect" href="$classtx__oop__Number__Utils.html#e6d107b7a2612fd3248b1be4906de29e" title="Ensures a number is in a specified range." alt="" coords="924,107,1151,133">
<area shape="rect" href="$classtx__oop__Color__Converter.html#9cc80b6ba14d64e8d31771ebd79afa71" title="Converts HSV color values into RGB." alt="" coords="620,107,873,133">
