<area shape="rect" href="$classtx__oop__Core__Exception__Base.html" title="tx_oop_Core_Exception_Base" alt="" coords="5,284,221,311">
<area shape="rect" href="$classtx__oop__Core__Singleton__Exception.html" title="tx_oop_Core_Singleton_Exception" alt="" coords="328,5,573,32">
<area shape="rect" href="$classtx__oop__Database__Layer__Exception.html" title="tx_oop_Database_Layer_Exception" alt="" coords="325,56,576,83">
<area shape="rect" href="$classtx__oop__Flexform__Builder__Exception.html" title="tx_oop_Flexform_Builder_Exception" alt="" coords="321,107,580,133">
<area shape="rect" href="$classtx__oop__Flexform__Field__Input__Exception.html" title="tx_oop_Flexform_Field_Input_Exception" alt="" coords="309,157,592,184">
<area shape="rect" href="$classtx__oop__Flexform__Field__Section__Element__Exception.html" title="tx_oop_Flexform_Field_Section_Element_Exception" alt="" coords="271,208,631,235">
<area shape="rect" href="$classtx__oop__Flexform__Field__Section__Exception.html" title="tx_oop_Flexform_Field_Section_Exception" alt="" coords="301,259,600,285">
<area shape="rect" href="$classtx__oop__Flexform__Iterator__Exception.html" title="tx_oop_Flexform_Iterator_Exception" alt="" coords="320,309,581,336">
<area shape="rect" href="$classtx__oop__Flexform__Sheet__Exception.html" title="tx_oop_Flexform_Sheet_Exception" alt="" coords="325,360,576,387">
<area shape="rect" href="$classtx__oop__Lang__Getter__Exception.html" title="tx_oop_Lang_Getter_Exception" alt="" coords="337,411,564,437">
<area shape="rect" href="$classtx__oop__Tca__Field__Input__Exception.html" title="tx_oop_Tca_Field_Input_Exception" alt="" coords="328,461,573,488">
<area shape="rect" href="$classtx__oop__Tca__Table__Exception.html" title="tx_oop_Tca_Table_Exception" alt="" coords="347,512,555,539">
<area shape="rect" href="$classtx__oop__Template__File__Exception.html" title="tx_oop_Template_File_Exception" alt="" coords="333,563,568,589">
