<area shape="rect" href="$classtx__oop__Flexform__Field.html" title="tx_oop_Flexform_Field" alt="" coords="5,259,176,285">
<area shape="rect" href="$classtx__oop__Flexform__Field__Check.html" title="tx_oop_Flexform_Field_Check" alt="" coords="293,5,512,32">
<area shape="rect" href="$classtx__oop__Flexform__Field__Group.html" title="tx_oop_Flexform_Field_Group" alt="" coords="293,56,512,83">
<area shape="rect" href="$classtx__oop__Flexform__Field__Inline.html" title="tx_oop_Flexform_Field_Inline" alt="" coords="296,107,509,133">
<area shape="rect" href="$classtx__oop__Flexform__Field__Input.html" title="tx_oop_Flexform_Field_Input" alt="" coords="297,157,508,184">
<area shape="rect" href="$classtx__oop__Flexform__Field__None.html" title="tx_oop_Flexform_Field_None" alt="" coords="297,208,508,235">
<area shape="rect" href="$classtx__oop__Flexform__Field__Passthrough.html" title="tx_oop_Flexform_Field_Passthrough" alt="" coords="273,259,532,285">
<area shape="rect" href="$classtx__oop__Flexform__Field__Radio.html" title="tx_oop_Flexform_Field_Radio" alt="" coords="296,309,509,336">
<area shape="rect" href="$classtx__oop__Flexform__Field__Section.html" title="tx_oop_Flexform_Field_Section" alt="" coords="289,360,516,387">
<area shape="rect" href="$classtx__oop__Flexform__Field__Select.html" title="tx_oop_Flexform_Field_Select" alt="" coords="293,461,512,488">
<area shape="rect" href="$classtx__oop__Flexform__Field__Text.html" title="tx_oop_Flexform_Field_Text" alt="" coords="301,512,504,539">
<area shape="rect" href="$classtx__oop__Flexform__Field__User.html" title="tx_oop_Flexform_Field_User" alt="" coords="299,563,507,589">
<area shape="rect" href="$classtx__oop__Flexform__Field__Section__Element__Field__Check.html" title="tx_oop_Flexform_Field_Section_Element_Field_Check" alt="" coords="649,5,1025,32">
<area shape="rect" href="$classtx__oop__Flexform__Field__Section__Element__Field__Group.html" title="tx_oop_Flexform_Field_Section_Element_Field_Group" alt="" coords="651,56,1024,83">
<area shape="rect" href="$classtx__oop__Flexform__Field__Section__Element__Field__Inline.html" title="tx_oop_Flexform_Field_Section_Element_Field_Inline" alt="" coords="652,107,1023,133">
<area shape="rect" href="$classtx__oop__Flexform__Field__Section__Element__Field__Input.html" title="tx_oop_Flexform_Field_Section_Element_Field_Input" alt="" coords="653,157,1021,184">
<area shape="rect" href="$classtx__oop__Flexform__Field__Section__Element__Field__None.html" title="tx_oop_Flexform_Field_Section_Element_Field_None" alt="" coords="653,208,1021,235">
<area shape="rect" href="$classtx__oop__Flexform__Field__Section__Element__Field__Passthrough.html" title="tx_oop_Flexform_Field_Section_Element_Field_Passthrough" alt="" coords="629,259,1045,285">
<area shape="rect" href="$classtx__oop__Flexform__Field__Section__Element__Field__Radio.html" title="tx_oop_Flexform_Field_Section_Element_Field_Radio" alt="" coords="652,309,1023,336">
<area shape="rect" href="$classtx__oop__Flexform__Field__Section__Element.html" title="tx_oop_Flexform_Field_Section_Element" alt="" coords="693,385,981,412">
<area shape="rect" href="$classtx__oop__Flexform__Field__Section__Element__Field__Select.html" title="tx_oop_Flexform_Field_Section_Element_Field_Select" alt="" coords="651,461,1024,488">
<area shape="rect" href="$classtx__oop__Flexform__Field__Section__Element__Field__Text.html" title="tx_oop_Flexform_Field_Section_Element_Field_Text" alt="" coords="657,512,1017,539">
<area shape="rect" href="$classtx__oop__Flexform__Field__Section__Element__Field__User.html" title="tx_oop_Flexform_Field_Section_Element_Field_User" alt="" coords="655,563,1020,589">
<area shape="rect" href="$interfacetx__oop__Flexform__Field__Section__Element__Interface.html" title="tx_oop_Flexform_Field_Section_Element_Interface" alt="" coords="225,411,580,437">
